src/modules/authentification/actions/auth.actions.ts(9,1): error TS6133: 'LoginResponse' is declared but its value is never read.
src/modules/dashboard/components/DashboardPage.tsx(78,33): error TS2322: Type '(value: number) => [string, string]' is not assignable to type 'Formatter<ValueType, NameType> & ((value: ValueType, name: NameType, item: TooltipPayloadEntry, index: number, payload: TooltipPayload) => ReactNode | [...])'.
  Type '(value: number) => [string, string]' is not assignable to type 'Formatter<ValueType, NameType>'.
    Types of parameters 'value' and 'value' are incompatible.
      Type 'ValueType | undefined' is not assignable to type 'number'.
        Type 'undefined' is not assignable to type 'number'.
src/modules/testing/test-environnement.ts(6,21): error TS2322: Type '{ authGateway?: AuthGateway | undefined; userGateway?: UserGateway | undefined; eventGateway?: EventGateway | undefined; analyticsGateway?: AnalyticsGateway | undefined; dashboardGateway?: DashboardGateway | undefined; }' is not assignable to type 'Dependencies'.
  Types of property 'authGateway' are incompatible.
    Type 'AuthGateway | undefined' is not assignable to type 'AuthGateway'.
      Type 'undefined' is not assignable to type 'AuthGateway'.
src/modules/testing/test-environnement.ts(18,11): error TS6133: 'initialState' is declared but its value is never read.
src/modules/user/utils/validateProfileForm.ts(1,15): error TS2459: Module '"../gateway/user.gateway"' declares 'UserProfile' locally, but it is not exported.
